2024-11-08 14:35:14,309 - INFO - Initial GPU Memory: 0.00GB
2024-11-08 14:35:14,310 - INFO - Starting training...
2024-11-08 14:45:33,093 - ERROR - An error occurred during training
Traceback (most recent call last):
  File "/home/francobertoldi/Documents/RelationNetworkDNI/main.py", line 555, in main
    logger.info("Training interrupted by user")
  File "/home/francobertoldi/Documents/RelationNetworkDNI/main.py", line 281, in train
    logger.info(
  File "/home/francobertoldi/Documents/RelationNetworkDNI/main.py", line 419, in evaluate
    metrics['loss'] += loss
  File "/home/francobertoldi/Documents/RelationNetworkDNI/main.py", line 322, in _evaluate_episode
    images = images.to(device, non_blocking=True)
  File "/home/francobertoldi/miniconda3/envs/cuda/lib/python3.10/site-packages/torch/utils/data/dataloader.py", line 701, in __next__
    data = self._next_data()
  File "/home/francobertoldi/miniconda3/envs/cuda/lib/python3.10/site-packages/torch/utils/data/dataloader.py", line 1465, in _next_data
    return self._process_data(data)
  File "/home/francobertoldi/miniconda3/envs/cuda/lib/python3.10/site-packages/torch/utils/data/dataloader.py", line 1491, in _process_data
    data.reraise()
  File "/home/francobertoldi/miniconda3/envs/cuda/lib/python3.10/site-packages/torch/_utils.py", line 715, in reraise
    raise exception
RuntimeError: Caught RuntimeError in pin memory thread for device 0.
Original Traceback (most recent call last):
  File "/home/francobertoldi/miniconda3/envs/cuda/lib/python3.10/site-packages/torch/utils/data/_utils/pin_memory.py", line 41, in do_one_step
    data = pin_memory(data, device)
  File "/home/francobertoldi/miniconda3/envs/cuda/lib/python3.10/site-packages/torch/utils/data/_utils/pin_memory.py", line 98, in pin_memory
    clone[i] = pin_memory(item, device)
  File "/home/francobertoldi/miniconda3/envs/cuda/lib/python3.10/site-packages/torch/utils/data/_utils/pin_memory.py", line 64, in pin_memory
    return data.pin_memory(device)
RuntimeError: cannot pin 'torch.cuda.FloatTensor' only dense CPU tensors can be pinned

2024-11-08 14:45:33,094 - INFO - Saving final checkpoint...
